// Jest Snapshot v1, https://goo.gl/fbAQLP

exports[`ProgressSpinner should render correctly 1`] = `
<DocumentFragment>
  <div
    class="euwrsax2 MuiBox-root css-1j8js41-ProgressSpinnerContainer"
  >
    <div
      class="euwrsax1 MuiBox-root css-5sxe48-ProgressSpinnerBox"
    >
      <span
        class="MuiCircularProgress-root MuiCircularProgress-indeterminate MuiCircularProgress-colorPrimary euwrsax0 css-a1sm72-MuiCircularProgress-root-CircularProgressSpinner"
        role="progressbar"
        style="width: 40px; height: 40px;"
      >
        <svg
          class="MuiCircularProgress-svg css-1idz92c-MuiCircularProgress-svg"
          viewBox="22 22 44 44"
        >
          <circle
            class="MuiCircularProgress-circle MuiCircularProgress-circleIndeterminate css-176wh8e-MuiCircularProgress-circle"
            cx="44"
            cy="44"
            fill="none"
            r="20.2"
            stroke-width="3.6"
          />
        </svg>
      </span>
    </div>
  </div>
</DocumentFragment>
`;
